Opening file tests/test4c3.psc...
ERROR in line 8, column 12: Identifier a not declared in this scope
