Opening file tests/test5.psc...
ERROR in line 4, column 11: Sintax error found - Expected TOK_IS,  but 'real' found
