Opening file tests/test7c2.psc...
ERROR in line 16, column 5: Token . is not an operator
