Opening file tests/test6c6.psc...
compilation finished with success
