Opening file tests/test8c.psc...
ERROR in line 7, column 6: Identifier b not declared in this scope
