Opening file tests/test2.psc...
ERROR in line 1, column 3: Sintax error found
