Opening file tests/test9.psc...
ERROR in line 7, column 6: Identifier read not declared in this scope
