Opening file tests/test5c.psc...
ERROR in line 10, column 10: Sintax error found - Expected TOK_PAR_CLOSE,  but '' found
