Opening file tests/test3c4.psc...
ERROR in line 16, column 18: Identifier qtd not declared in this scope
