Opening file tests/test8c2.psc...
ERROR in line 7, column 6: Identifier b not declared in this scope
