Opening file tests/test2c.psc...
ERROR in line 2, column 6: Identifier  has no match with language structure.
