Opening file tests/test8c4.psc...
compilation finished with success
