Opening file tests/test6c3.psc...
ERROR in line 7, column 7: Sintax error found - Expected TOK_PAR_CLOSE,  but '' found
