Opening file tests/test6c2.psc...
ERROR in line 5, column 6: Identifier read not declared in this scope
