Opening file tests/test6.psc...
Token found: (TOK_VAR)
Token found: (TOK_ID, a)
Token found: (TOK_COMMA)
Token found: (TOK_ID, b)
Token found: (TOK_COMMA)
Token found: (TOK_ID, c)
Token found: (TOK_COMMA)
Token found: (TOK_ID, maior)
Token found: (TOK_IS)
Token found: (TOK_INT)
Token found: (TOK_SEMICOLON)
ERROR in line 3, column 35: Identifier nomecompletodoalunodeposgraduacao exceed the maximum size of 15 characters
Token found: (TOK_IS)
Token found: (TOK_STRING)
Token found: (TOK_SEMICOLON)
Token found: (TOK_ID, start)
Token found: (TOK_ID, read)
Token found: (TOK_PAR_OPEN)
Token found: (TOK_ID, a)
Token found: (TOK_PAR_CLOSE)
Token found: (TOK_SEMICOLON)
Token found: (TOK_ID, read)
Token found: (TOK_PAR_OPEN)
Token found: (TOK_ID, b)
Token found: (TOK_PAR_CLOSE)
Token found: (TOK_SEMICOLON)
Token found: (TOK_ID, read)
Token found: (TOK_PAR_OPEN)
Token found: (TOK_ID, c)
Token found: (TOK_SEMICOLON)
Token found: (TOK_ID, maior)
Token found: (TOK_ASSIGN)
Token found: (TOK_CONST_INT, 0)
Token found: (TOK_SEMICOLON)
Token found: (TOK_IF)
Token found: (TOK_PAR_OPEN)
Token found: (TOK_ID, a)
Token found: (TOK_GT)
Token found: (TOK_ID, b)
Token found: (TOK_AND)
Token found: (TOK_ID, a)
Token found: (TOK_GT)
Token found: (TOK_ID, c)
Token found: (TOK_PAR_CLOSE)
Token found: (TOK_THEN)
Token found: (TOK_ID, maior)
Token found: (TOK_ASSIGN)
Token found: (TOK_ID, a)
Token found: (TOK_SEMICOLON)
Token found: (TOK_ELSE)
Token found: (TOK_IF)
Token found: (TOK_PAR_OPEN)
Token found: (TOK_ID, b)
Token found: (TOK_GT)
Token found: (TOK_ID, c)
Token found: (TOK_PAR_CLOSE)
Token found: (TOK_THEN)
Token found: (TOK_ID, maior)
Token found: (TOK_ASSIGN)
Token found: (TOK_ID, b)
Token found: (TOK_SEMICOLON)
Token found: (TOK_ELSE)
Token found: (TOK_ID, maior)
Token found: (TOK_ASSIGN)
Token found: (TOK_ID, c)
Token found: (TOK_SEMICOLON)
Token found: (TOK_END)
Token found: (TOK_END)
Token found: (TOK_ID, Out)
Token found: (TOK_PAR_OPEN)
Token found: (TOK_CONST_STR, Maior idade: )
Token found: (TOK_PAR_CLOSE)
Token found: (TOK_SEMICOLON)
Token found: (TOK_OUT)
Token found: (TOK_PAR_OPEN)
Token found: (TOK_ID, maior)
Token found: (TOK_PAR_CLOSE)
Token found: (TOK_SEMICOLON)
Token found: (TOK_END)
Token found: (TOK_EOF)
