Opening file tests/test6c.psc...
ERROR in line 5, column 6: Sintax error found - Expected TOK_IS,  but 'read' found
