Opening file tests/test3c3.psc...
ERROR in line 9, column 7: Identifier write not declared in this scope
