Opening file tests/test7c.psc...
ERROR in line 12, column 13: Token ! is not an operator
