Opening file tests/test2c2.psc...
compilation finished with success
