Opening file tests/test4.psc...
Token found: (TOK_VAR)
Token found: (TOK_ID, i)
Token found: (TOK_COMMA)
Token found: (TOK_ID, j)
Token found: (TOK_COMMA)
Token found: (TOK_ID, k)
Token found: (TOK_COMMA)
ERROR in line 3, column 12: Token @ is not an operator
Token found: (TOK_ID, total)
Token found: (TOK_COMMA)
Token found: (TOK_CONST_INT, 1)
Token found: (TOK_ID, soma)
Token found: (TOK_IS)
Token found: (TOK_INT)
Token found: (TOK_SEMICOLON)
Token found: (TOK_BEGIN)
Token found: (TOK_ID, i)
Token found: (TOK_ASSIGN)
Token found: (TOK_CONST_INT, 4)
Token found: (TOK_MULT)
Token found: (TOK_PAR_OPEN)
Token found: (TOK_CONST_INT, 5)
Token found: (TOK_SUB)
Token found: (TOK_CONST_INT, 3)
Token found: (TOK_MULT)
Token found: (TOK_CONST_INT, 50)
Token found: (TOK_DIV)
Token found: (TOK_CONST_INT, 10)
Token found: (TOK_SEMICOLON)
Token found: (TOK_ID, j)
Token found: (TOK_ASSIGN)
Token found: (TOK_ID, i)
Token found: (TOK_MULT)
Token found: (TOK_CONST_INT, 10)
Token found: (TOK_SEMICOLON)
Token found: (TOK_ID, k)
Token found: (TOK_ASSIGN)
Token found: (TOK_ID, i)
Token found: (TOK_MULT)
Token found: (TOK_ID, j)
Token found: (TOK_DIV)
Token found: (TOK_ID, k)
Token found: (TOK_SEMICOLON)
Token found: (TOK_ID, k)
Token found: (TOK_ASSIGN)
Token found: (TOK_CONST_INT, 4)
Token found: (TOK_ADD)
Token found: (TOK_ID, a)
ERROR in line 8, column 12: Token $ is not an operator
Token found: (TOK_SEMICOLON)
Token found: (TOK_OUT)
Token found: (TOK_PAR_OPEN)
Token found: (TOK_ID, i)
Token found: (TOK_PAR_CLOSE)
Token found: (TOK_SEMICOLON)
Token found: (TOK_OUT)
Token found: (TOK_PAR_OPEN)
Token found: (TOK_ID, j)
Token found: (TOK_PAR_CLOSE)
Token found: (TOK_SEMICOLON)
Token found: (TOK_OUT)
Token found: (TOK_PAR_OPEN)
Token found: (TOK_ID, k)
Token found: (TOK_PAR_CLOSE)
Token found: (TOK_SEMICOLON)
Token found: (TOK_END)
Token found: (TOK_EOF)
