Opening file tests/test4c.psc...
ERROR in line 5, column 25: Sintax error found - Expected TOK_PAR_CLOSE,  but '' found
