Opening file tests/test7c3.psc...
compilation finished with success
