Opening file tests/test4c2.psc...
ERROR in line 8, column 13: Token $ is not an operator
