Opening file tests/test6c4.psc...
ERROR in line 10, column 17: Sintax error found - Expected TOK_PAR_CLOSE,  but '' found
