Opening file tests/test4c4.psc...
compilation finished with success
