Opening file tests/test3.psc...
Token found: (TOK_VAR)
Token found: (TOK_ID, _cont)
Token found: (TOK_IS)
Token found: (TOK_INT)
Token found: (TOK_SEMICOLON)
Token found: (TOK_ID, media)
Token found: (TOK_COMMA)
Token found: (TOK_ID, altura)
Token found: (TOK_COMMA)
Token found: (TOK_ID, soma)
ERROR in line 3, column 18: Identifier  has no match with language structure.
Token found: (TOK_IS)
Token found: (TOK_INT)
Token found: (TOK_SEMICOLON)
Token found: (TOK_BEGIN)
Token found: (TOK_ID, _cont)
Token found: (TOK_ASSIGN)
Token found: (TOK_CONST_INT, 5)
Token found: (TOK_SEMICOLON)
Token found: (TOK_ID, soma)
Token found: (TOK_EQUALS)
Token found: (TOK_CONST_INT, 0)
Token found: (TOK_SEMICOLON)
Token found: (TOK_DO)
Token found: (TOK_ID, write)
Token found: (TOK_PAR_OPEN)
Token found: (TOK_CONST_STR, Altura: )
Token found: (TOK_PAR_CLOSE)
Token found: (TOK_SEMICOLON)
Token found: (TOK_IN)
Token found: (TOK_PAR_OPEN)
Token found: (TOK_ID, altura)
Token found: (TOK_PAR_CLOSE)
Token found: (TOK_SEMICOLON)
Token found: (TOK_ID, soma)
Token found: (TOK_ASSIGN)
Token found: (TOK_ID, soma)
Token found: (TOK_ID, altura)
Token found: (TOK_SEMICOLON)
Token found: (TOK_ID, _cont)
Token found: (TOK_ASSIGN)
Token found: (TOK_ID, _cont)
Token found: (TOK_SUB)
Token found: (TOK_CONST_INT, 1)
Token found: (TOK_SEMICOLON)
Token found: (TOK_WHILE)
Token found: (TOK_PAR_OPEN)
Token found: (TOK_ID, _cont)
Token found: (TOK_PAR_CLOSE)
Token found: (TOK_SEMICOLON)
Token found: (TOK_OUT)
Token found: (TOK_PAR_OPEN)
Token found: (TOK_CONST_STR, Media: )
Token found: (TOK_PAR_CLOSE)
Token found: (TOK_SEMICOLON)
Token found: (TOK_OUT)
Token found: (TOK_PAR_OPEN)
Token found: (TOK_ID, soma)
Token found: (TOK_DIV)
Token found: (TOK_ID, qtd)
Token found: (TOK_PAR_CLOSE)
Token found: (TOK_SEMICOLON)
Token found: (TOK_END)
Token found: (TOK_EOF)
