Opening file tests/test3c2.psc...
ERROR in line 6, column 8: Sintax error found - Expected TOK_ASSIGN,  but '' found
