Opening file tests/test3c5.psc...
compilation finished with success
