Opening file tests/test1c.psc...
compilation finished with success
